TERM environment variable not set.

╔══════════════════════════════════════════════════════╗
║                                                      ║
║     🤖 Telegram 运营助手 - 一键启动                  ║
║                                                      ║
╚══════════════════════════════════════════════════════╝
    
📌 检查 Python 版本...
✅ Python 版本: 3.13.13

📦 检查依赖...
✅ python-telegram-bot 已安装

⚙️  检查配置文件...
✅ 配置文件检查通过

============================================================
📊 检查结果汇总
============================================================
✅ Python 版本
✅ 依赖安装
✅ 配置文件
============================================================

🚀 启动机器人...
============================================================
✅ 机器人已启动！

📱 在 Telegram 中找到你的机器人并发送 /start
📖 发送 /help 查看所有可用指令

按 Ctrl+C 停止机器人

============================================================
2026-05-14 16:19:56,772 - main - INFO - 🤖 TG运营助手 启动中...
2026-05-14 16:19:56,971 - main - INFO - ✅ TG运营助手 已启动！

╔═══════════════════════════════════════════════════╗
║     🤖 TG运营助手 已成功启动！                  ║
╠═══════════════════════════════════════════════════╣
║  状态: 🟢 运行中                                   ║
║  Token: 8539940556:AAHxCyOyB...                   ║
║  管理员ID: 未设置(所有人可用)     ║
╠═══════════════════════════════════════════════════╣
║  发送 /start 到机器人开始使用                       ║
║  发送 /help 查看所有可用指令                        ║
╚═══════════════════════════════════════════════════╝
    

❌ 启动失败: Timed out
2026-05-14 16:20:08,761 - __main__ - INFO - 🤖 TG运营助手 启动中...
2026-05-14 16:20:08,972 - __main__ - INFO - ✅ TG运营助手 已启动！
